******************************************************************************
                  TI ARM Linker PC v20.2.6                     
******************************************************************************
>> Linked Wed Dec 13 10:20:40 2023

OUTPUT FILE NAME:   <Team-Project.out>
ENTRY POINT SYMBOL: "_c_int00_noargs"  address: 0000396d


MEMORY CONFIGURATION

         name            origin    length      used     unused   attr    fill
----------------------  --------  ---------  --------  --------  ----  --------
  MAIN                  00000000   00040000  00003d71  0003c28f  R  X
  INFO                  00200000   00004000  00000000  00004000  R  X
  SRAM_CODE             01000000   00010000  000009dc  0000f624  RW X
  SRAM_DATA             20000000   00010000  000009dc  0000f624  RW  


SEGMENT ALLOCATION MAP

run origin  load origin   length   init length attrs members
----------  ----------- ---------- ----------- ----- -------
00000000    00000000    00003d78   00003d78    r-x
  00000000    00000000    000000e4   000000e4    r-- .intvecs
  000000e4    000000e4    00003af4   00003af4    r-x .text
  00003bd8    00003bd8    00000101   00000101    r-- .const
  00003ce0    00003ce0    00000098   00000098    r-- .cinit
20000000    20000000    000007dc   00000000    rw-
  20000000    20000000    00000400   00000000    rw- .sysmem
  20000400    20000400    00000204   00000000    rw- .data
  20000604    20000604    000001d8   00000000    rw- .bss
2000fe00    2000fe00    00000200   00000000    rw-
  2000fe00    2000fe00    00000200   00000000    rw- .stack


SECTION ALLOCATION MAP

 output                                  attributes/
section   page    origin      length       input sections
--------  ----  ----------  ----------   ----------------
.intvecs   0    00000000    000000e4     
                  00000000    000000e4     startup_msp432p401r_ccs.obj (.intvecs:retain)

.text      0    000000e4    00003af4     
                  000000e4    00000be0     main.obj (.text)
                  00000cc4    00000a4e     rtsv7M4_T_le_v4SPD16_eabi.lib : _printfi.c.obj (.text:__TI_printfi)
                  00001712    00000002                                   : _lock.c.obj (.text:_nop)
                  00001714    00000334     system_msp432p401r.obj (.text)
                  00001a48    00000270     rtsv7M4_T_le_v4SPD16_eabi.lib : _printfi.c.obj (.text:_pconv_a)
                  00001cb8    000001e0     Clock.obj (.text)
                  00001e98    000001d0     rtsv7M4_T_le_v4SPD16_eabi.lib : _printfi.c.obj (.text:_pconv_g)
                  00002068    000001b6                                   : fd_add_t2.asm.obj (.text)
                  0000221e    00000002                                   : div0.asm.obj (.text)
                  00002220    0000013c                                   : _printfi.c.obj (.text:_pconv_e)
                  0000235c    00000136                                   : fd_div_t2.asm.obj (.text)
                  00002492    00000002     --HOLE-- [fill = 0]
                  00002494    00000124                                   : _printfi.c.obj (.text:fcvt)
                  000025b8    00000114                                   : fputs.c.obj (.text:fputs)
                  000026cc    00000110                                   : s_scalbn.c.obj (.text:scalbn)
                  000027dc    00000100                                   : memory.c.obj (.text:aligned_alloc)
                  000028dc    000000fc                                   : fd_mul_t2.asm.obj (.text)
                  000029d8    000000e4                                   : memory.c.obj (.text:free)
                  00002abc    000000dc                                   : setvbuf.c.obj (.text:setvbuf)
                  00002b98    000000b1                                   : _printfi.c.obj (.text:_ltostr)
                  00002c49    00000001     --HOLE-- [fill = 0]
                  00002c4a    0000009c                                   : memcpy_t2.asm.obj (.text)
                  00002ce6    00000096                                   : ull_div_t2.asm.obj (.text)
                  00002d7c    0000008c                                   : fputc.c.obj (.text:fputc)
                  00002e08    00000086                                   : fd_cmp_t2.asm.obj (.text:__aeabi_cdcmple)
                  00002e8e    00000086                                   : fd_cmp_t2.asm.obj (.text:__aeabi_cdrcmple)
                  00002f14    0000007a                                   : memset_t2.asm.obj (.text)
                  00002f8e    00000002     --HOLE-- [fill = 0]
                  00002f90    00000074                                   : fclose.c.obj (.text:__TI_closefile)
                  00003004    00000070                                   : memory.c.obj (.text:split)
                  00003074    0000006e                                   : _printfi.c.obj (.text:_mcpy)
                  000030e2    00000002     --HOLE-- [fill = 0]
                  000030e4    0000006c                                   : hostrename.c.obj (.text:HOSTrename)
                  00003150    00000068                                   : hostlseek.c.obj (.text:HOSTlseek)
                  000031b8    00000068                                   : copy_decompress_lzss.c.obj (.text:decompress:lzss:__TI_decompress_lzss)
                  00003220    00000068                                   : printf.c.obj (.text:printf)
                  00003288    00000064                                   : s_frexp.c.obj (.text:frexp)
                  000032ec    00000064                                   : fseek.c.obj (.text:fseek)
                  00003350    00000062                                   : _io_perm.c.obj (.text:__TI_wrt_ok)
                  000033b2    00000002     --HOLE-- [fill = 0]
                  000033b4    00000060                                   : hostopen.c.obj (.text:HOSTopen)
                  00003414    0000005c                                   : close.c.obj (.text:close)
                  00003470    00000058                                   : hostread.c.obj (.text:HOSTread)
                  000034c8    00000058                                   : hostwrite.c.obj (.text:HOSTwrite)
                  00003520    00000056                                   : _printfi.c.obj (.text:_pconv_f)
                  00003576    00000054                                   : _ltoa.c.obj (.text:__TI_ltoa)
                  000035ca    00000052                                   : _printfi.c.obj (.text:_ecpy)
                  0000361c    0000004c                                   : fflush.c.obj (.text:__TI_doflush)
                  00003668    0000004c                                   : atoi.c.obj (.text:atoi)
                  000036b4    00000048                                   : exit.c.obj (.text:exit)
                  000036fc    00000048                                   : fd_toi_t2.asm.obj (.text)
                  00003744    00000044                                   : hostclose.c.obj (.text:HOSTclose)
                  00003788    00000044                                   : hostunlink.c.obj (.text:HOSTunlink)
                  000037cc    00000044                                   : autoinit.c.obj (.text:__TI_auto_init_nobinit_nopinit:__TI_auto_init_nobinit_nopinit)
                  00003810    00000044                                   : getdevice.c.obj (.text:getdevice)
                  00003854    0000003e                                   : _printfi.c.obj (.text:_fcpy)
                  00003892    00000002     --HOLE-- [fill = 0]
                  00003894    00000038                                   : trgmsg.c.obj (.text:__TI_writemsg)
                  000038cc    00000036                                   : strncpy.c.obj (.text:strncpy)
                  00003902    00000002     --HOLE-- [fill = 0]
                  00003904    00000034                                   : fopen.c.obj (.text:__TI_cleanup)
                  00003938    00000034                                   : trgmsg.c.obj (.text:__TI_readmsg)
                  0000396c    00000034                                   : boot_cortex_m.c.obj (.text:_c_int00_noargs:_c_int00_noargs)
                  000039a0    00000030                                   : getdevice.c.obj (.text:finddevice)
                  000039d0    0000002e                                   : i_tofd_t2.asm.obj (.text)
                  000039fe    00000002     --HOLE-- [fill = 0]
                  00003a00    0000002c                                   : unlink.c.obj (.text:unlink)
                  00003a2c    00000028                                   : memory.c.obj (.text:free_list_insert)
                  00003a54    00000028                                   : lseek.c.obj (.text:lseek)
                  00003a7c    00000028                                   : write.c.obj (.text:write)
                  00003aa4    00000020                                   : memchr.c.obj (.text:memchr)
                  00003ac4    0000001c                                   : copy_zero_init.c.obj (.text:decompress:ZI:__TI_zero_init_nomemset:__TI_zero_init_nomemset)
                  00003ae0    0000001c                                   : memory.c.obj (.text:free_list_remove)
                  00003afc    0000001c                                   : memccpy.c.obj (.text:memccpy)
                  00003b18    0000001a                                   : s_copysign.c.obj (.text:copysign)
                  00003b32    00000018                                   : strcmp.c.obj (.text:strcmp)
                  00003b4a    00000016                                   : strchr.c.obj (.text:strchr)
                  00003b60    00000014                                   : strcpy.c.obj (.text:strcpy)
                  00003b74    00000014                                   : strlen.c.obj (.text:strlen)
                  00003b88    00000012                                   : wcslen.c.obj (.text:wcslen)
                  00003b9a    0000000e                                   : copy_decompress_none.c.obj (.text:decompress:none:__TI_decompress_none)
                  00003ba8    0000000e     startup_msp432p401r_ccs.obj (.text)
                  00003bb6    00000002     --HOLE-- [fill = 0]
                  00003bb8    00000008     rtsv7M4_T_le_v4SPD16_eabi.lib : errno.c.obj (.text:__aeabi_errno_addr)
                  00003bc0    00000008                                   : memory.c.obj (.text:malloc)
                  00003bc8    00000004                                   : printf.c.obj (.text:_outc)
                  00003bcc    00000004                                   : printf.c.obj (.text:_outs)
                  00003bd0    00000004                                   : pre_init.c.obj (.text:_system_pre_init)
                  00003bd4    00000004                                   : exit.c.obj (.text:abort:abort)

.const     0    00003bd8    00000101     
                  00003bd8    00000101     rtsv7M4_T_le_v4SPD16_eabi.lib : ctype.c.obj (.const:.string:_ctypes_)

.cinit     0    00003ce0    00000098     
                  00003ce0    0000006e     (.cinit..data.load) [load image, compression = lzss]
                  00003d4e    00000002     --HOLE-- [fill = 0]
                  00003d50    0000000c     (__TI_handler_table)
                  00003d5c    00000004     --HOLE-- [fill = 0]
                  00003d60    00000008     (.cinit..bss.load) [load image, compression = zero_init]
                  00003d68    00000010     (__TI_cinit_table)

.init_array 
*          0    00000000    00000000     UNINITIALIZED

.binit     0    00000000    00000000     

.sysmem    0    20000000    00000400     UNINITIALIZED
                  20000000    00000010     rtsv7M4_T_le_v4SPD16_eabi.lib : memory.c.obj (.sysmem)
                  20000010    000003f0     --HOLE--

.data      0    20000400    00000204     UNINITIALIZED
                  20000400    000000f0     rtsv7M4_T_le_v4SPD16_eabi.lib : defs.c.obj (.data:_ftable)
                  200004f0    00000078                                   : host_device.c.obj (.data:_device)
                  20000568    00000050                                   : host_device.c.obj (.data:_stream)
                  200005b8    00000018     Clock.obj (.data)
                  200005d0    00000010     rtsv7M4_T_le_v4SPD16_eabi.lib : defs.c.obj (.data)
                  200005e0    0000000c                                   : exit.c.obj (.data:$O1$$)
                  200005ec    00000008                                   : _lock.c.obj (.data:$O1$$)
                  200005f4    00000008                                   : memory.c.obj (.data:$O1$$)
                  200005fc    00000004                                   : errno.c.obj (.data)
                  20000600    00000004     system_msp432p401r.obj (.data)

.bss       0    20000604    000001d8     UNINITIALIZED
                  20000604    00000120     rtsv7M4_T_le_v4SPD16_eabi.lib : trgmsg.c.obj (.bss:_CIOBUF_)
                  20000724    000000a0     (.common:__TI_tmpnams)
                  200007c4    00000008     (.common:parmbuf)
                  200007cc    00000004     (.common:TimerA2Task)
                  200007d0    00000004     (.common:left_count)
                  200007d4    00000002     (.common:first_left)
                  200007d6    00000002     (.common:first_right)
                  200007d8    00000002     (.common:period_left)
                  200007da    00000002     (.common:period_right)

.stack     0    2000fe00    00000200     UNINITIALIZED
                  2000fe00    00000004     rtsv7M4_T_le_v4SPD16_eabi.lib : boot_cortex_m.c.obj (.stack)
                  2000fe04    000001fc     --HOLE--

__llvm_prf_cnts 
*          0    20000000    00000000     UNINITIALIZED

MODULE SUMMARY

       Module                        code    ro data   rw data
       ------                        ----    -------   -------
    .\
       main.obj                      3040    0         32     
       system_msp432p401r.obj        820     0         8      
       Clock.obj                     480     0         48     
       startup_msp432p401r_ccs.obj   14      228       0      
    +--+-----------------------------+-------+---------+---------+
       Total:                        4354    228       88     
                                                              
    C:\ti\ccs1200\ccs\tools\compiler\ti-cgt-arm_20.2.6.LTS\lib\rtsv7M4_T_le_v4SPD16_eabi.lib
       _printfi.c.obj                4851    0         0      
       defs.c.obj                    0       0         832    
       memory.c.obj                  672     0         16     
       trgmsg.c.obj                  108     0         576    
       fd_add_t2.asm.obj             438     0         0      
       host_device.c.obj             0       0         400    
       fd_div_t2.asm.obj             310     0         0      
       fputs.c.obj                   276     0         0      
       s_scalbn.c.obj                272     0         0      
       fd_cmp_t2.asm.obj             268     0         0      
       ctype.c.obj                   0       257       0      
       fd_mul_t2.asm.obj             252     0         0      
       setvbuf.c.obj                 220     0         0      
       memcpy_t2.asm.obj             156     0         0      
       ull_div_t2.asm.obj            150     0         0      
       fputc.c.obj                   140     0         0      
       memset_t2.asm.obj             122     0         0      
       fclose.c.obj                  116     0         0      
       getdevice.c.obj               116     0         0      
       hostopen.c.obj                96      0         16     
       printf.c.obj                  112     0         0      
       hostrename.c.obj              108     0         0      
       copy_decompress_lzss.c.obj    104     0         0      
       hostlseek.c.obj               104     0         0      
       exit.c.obj                    76      0         24     
       fseek.c.obj                   100     0         0      
       s_frexp.c.obj                 100     0         0      
       _io_perm.c.obj                98      0         0      
       close.c.obj                   92      0         0      
       hostread.c.obj                88      0         0      
       hostwrite.c.obj               88      0         0      
       _ltoa.c.obj                   84      0         0      
       atoi.c.obj                    76      0         0      
       fflush.c.obj                  76      0         0      
       fd_toi_t2.asm.obj             72      0         0      
       autoinit.c.obj                68      0         0      
       hostclose.c.obj               68      0         0      
       hostunlink.c.obj              68      0         0      
       strncpy.c.obj                 54      0         0      
       boot_cortex_m.c.obj           52      0         0      
       fopen.c.obj                   52      0         0      
       i_tofd_t2.asm.obj             46      0         0      
       unlink.c.obj                  44      0         0      
       lseek.c.obj                   40      0         0      
       write.c.obj                   40      0         0      
       memchr.c.obj                  32      0         0      
       copy_zero_init.c.obj          28      0         0      
       memccpy.c.obj                 28      0         0      
       s_copysign.c.obj              26      0         0      
       strcmp.c.obj                  24      0         0      
       strchr.c.obj                  22      0         0      
       strcpy.c.obj                  20      0         0      
       strlen.c.obj                  20      0         0      
       _lock.c.obj                   2       0         16     
       wcslen.c.obj                  18      0         0      
       errno.c.obj                   8       0         8      
       copy_decompress_none.c.obj    14      0         0      
       pre_init.c.obj                4       0         0      
       div0.asm.obj                  2       0         0      
    +--+-----------------------------+-------+---------+---------+
       Total:                        10721   257       1888   
                                                              
       Heap:                         0       0         2048   
       Stack:                        0       0         1024   
       Linker Generated:             0       146       0      
    +--+-----------------------------+-------+---------+---------+
       Grand Total:                  15075   631       5048   


LINKER GENERATED COPY TABLES

__TI_cinit_table @ 00003d68 records: 2, size/record: 8, table size: 16
	.data: load addr=00003ce0, load size=0000006e bytes, run addr=20000400, run size=00000204 bytes, compression=lzss
	.bss: load addr=00003d60, load size=00000008 bytes, run addr=20000604, run size=000001d8 bytes, compression=zero_init


LINKER GENERATED HANDLER TABLE

__TI_handler_table @ 00003d50 records: 3, size/record: 4, table size: 12
	index: 0, handler: __TI_decompress_lzss
	index: 1, handler: __TI_decompress_none
	index: 2, handler: __TI_zero_init


GLOBAL SYMBOLS: SORTED ALPHABETICALLY BY Name 

address   name                           
-------   ----                           
00003bb5  ADC14_IRQHandler               
00003bb5  AES256_IRQHandler              
00003bb5  BusFault_Handler               
00003bd5  C$$EXIT                        
000038c3  C$$IO$$                        
00003bb5  COMP_E0_IRQHandler             
00003bb5  COMP_E1_IRQHandler             
200005c0  CPMwait                        
00003bb5  CS_IRQHandler                  
200005b8  ClockFrequency                 
00001e0d  Clock_Delay1ms                 
00001de3  Clock_Delay1us                 
00001dcf  Clock_GetFreq                  
00001cb9  Clock_Init48MHz                
200005cc  Crystalstable                  
00003bb5  DMA_ERR_IRQHandler             
00003bb5  DMA_INT0_IRQHandler            
00003bb5  DMA_INT1_IRQHandler            
00003bb5  DMA_INT2_IRQHandler            
00003bb5  DMA_INT3_IRQHandler            
00003bb5  DebugMon_Handler               
00003bb5  Default_Handler                
00003bb5  EUSCIA0_IRQHandler             
00003bb5  EUSCIA1_IRQHandler             
00003bb5  EUSCIA2_IRQHandler             
00003bb5  EUSCIA3_IRQHandler             
00003bb5  EUSCIB0_IRQHandler             
00003bb5  EUSCIB1_IRQHandler             
00003bb5  EUSCIB2_IRQHandler             
00003bb5  EUSCIB3_IRQHandler             
00003bb5  FLCTL_IRQHandler               
00003bb5  FPU_IRQHandler                 
00003745  HOSTclose                      
00003151  HOSTlseek                      
000033b5  HOSTopen                       
00003471  HOSTread                       
000030e5  HOSTrename                     
00003789  HOSTunlink                     
000034c9  HOSTwrite                      
00003bb5  HardFault_Handler              
200005c8  IFlags                         
00003bb5  MemManage_Handler              
00003bb5  NMI_Handler                    
00003bb5  PCM_IRQHandler                 
00003bb5  PORT1_IRQHandler               
00003bb5  PORT2_IRQHandler               
00003bb5  PORT3_IRQHandler               
00003bb5  PORT4_IRQHandler               
00003bb5  PORT5_IRQHandler               
00003bb5  PORT6_IRQHandler               
00003bb5  PSS_IRQHandler                 
00003bb5  PendSV_Handler                 
200005c4  Postwait                       
200005bc  Prewait                        
00003bb5  RTC_C_IRQHandler               
00003ba9  Reset_Handler                  
00003bb5  SVC_Handler                    
00003bb5  SysTick_Handler                
20000600  SystemCoreClock                
00001715  SystemCoreClockUpdate          
0000198d  SystemInit                     
00003bb5  T32_INT1_IRQHandler            
00003bb5  T32_INT2_IRQHandler            
00003bb5  T32_INTC_IRQHandler            
00003bb5  TA0_0_IRQHandler               
00003bb5  TA0_N_IRQHandler               
00003bb5  TA1_0_IRQHandler               
00003bb5  TA1_N_IRQHandler               
000002f1  TA2_0_IRQHandler               
000002f1  TA2_0_IRQHandler               
00003bb5  TA2_N_IRQHandler               
00000305  TA3_0_IRQHandler               
00000305  TA3_0_IRQHandler               
00000327  TA3_N_IRQHandler               
00000327  TA3_N_IRQHandler               
200007cc  TimerA2Task                    
0000035d  TimerA2_Init                   
00003bb5  UsageFault_Handler             
4000480c  WDTCTL_SYM                     
00003bb5  WDT_A_IRQHandler               
20000604  __CIOBUF_                      
20010000  __STACK_END                    
00000200  __STACK_SIZE                   
00000400  __SYSMEM_SIZE                  
00003d68  __TI_CINIT_Base                
00003d78  __TI_CINIT_Limit               
00003d50  __TI_Handler_Table_Base        
00003d5c  __TI_Handler_Table_Limit       
000037cd  __TI_auto_init_nobinit_nopinit 
00003905  __TI_cleanup                   
200005e0  __TI_cleanup_ptr               
00002f91  __TI_closefile                 
000031b9  __TI_decompress_lzss           
00003b9b  __TI_decompress_none           
0000361d  __TI_doflush                   
200005e4  __TI_dtors_ptr                 
200005e8  __TI_enable_exit_profile_output
200005d0  __TI_ft_end                    
00003577  __TI_ltoa                      
ffffffff  __TI_pprof_out_hndl            
00000cc5  __TI_printfi                   
ffffffff  __TI_prof_data_size            
ffffffff  __TI_prof_data_start           
00003939  __TI_readmsg                   
00000000  __TI_static_base__             
20000724  __TI_tmpnams                   
00003895  __TI_writemsg                  
00003351  __TI_wrt_ok                    
00003ac5  __TI_zero_init_nomemset        
00002e09  __aeabi_cdcmpeq                
00002e09  __aeabi_cdcmple                
00002e8f  __aeabi_cdrcmple               
000036fd  __aeabi_d2iz                   
00002073  __aeabi_dadd                   
0000235d  __aeabi_ddiv                   
000028dd  __aeabi_dmul                   
00002069  __aeabi_dsub                   
00003bb9  __aeabi_errno_addr             
000039d1  __aeabi_i2d                    
0000221f  __aeabi_idiv0                  
0000221f  __aeabi_ldiv0                  
00002f15  __aeabi_memclr                 
00002f15  __aeabi_memclr4                
00002f15  __aeabi_memclr8                
00002c4b  __aeabi_memcpy                 
00002c4b  __aeabi_memcpy4                
00002c4b  __aeabi_memcpy8                
00002f17  __aeabi_memset                 
00002f17  __aeabi_memset4                
00002f17  __aeabi_memset8                
200005dc  __aeabi_stderr                 
200005d4  __aeabi_stdin                  
200005d8  __aeabi_stdout                 
00002ce7  __aeabi_uldivmod               
ffffffff  __binit__                      
ffffffff  __c_args__                     
UNDEFED   __mpu_init                     
2000fe00  __stack                        
20000000  __start___llvm_prf_cnts        
20000000  __stop___llvm_prf_cnts         
0000396d  _c_int00_noargs                
00003bd8  _ctypes_                       
200004f0  _device                        
20000400  _ftable                        
200005ec  _lock                          
00001713  _nop                           
20000568  _stream                        
20000000  _sys_memory                    
UNDEFED   _system_post_cinit             
00003bd1  _system_pre_init               
200005f0  _unlock                        
00003bd5  abort                          
000027dd  aligned_alloc                  
00003669  atoi                           
ffffffff  binit                          
00003415  close                          
00003b19  copysign                       
00003b19  copysignl                      
00001dd5  delay                          
200005fc  errno                          
000036b5  exit                           
000039a1  finddevice                     
200007d4  first_left                     
200007d6  first_right                    
00002d7d  fputc                          
000025b9  fputs                          
000029d9  free                           
00003289  frexp                          
00003289  frexpl                         
000032ed  fseek                          
00000351  get_left_rpm                   
00003811  getdevice                      
00000000  interruptVectors               
000026cd  ldexp                          
000026cd  ldexpl                         
000001d3  led_init                       
000002cd  left_backward                  
200007d0  left_count                     
000002c1  left_forward                   
00003a55  lseek                          
00000585  main                           
00003bc1  malloc                         
000027dd  memalign                       
00003afd  memccpy                        
00003aa5  memchr                         
00002c4b  memcpy                         
00002f1d  memset                         
0000014b  motor_init                     
00000297  move                           
200007c4  parmbuf                        
200007d8  period_left                    
200007da  period_right                   
00003221  printf                         
00002d7d  putc                           
000000e5  pwm_init34                     
00003a01  remove                         
000002e5  right_backward                 
000002d9  right_forward                  
000026cd  scalbn                         
000026cd  scalbnl                        
00000227  sensor_init                    
00002abd  setvbuf                        
00003b4b  strchr                         
00003b33  strcmp                         
00003b61  strcpy                         
00003b75  strlen                         
000038cd  strncpy                        
0000046f  switch_init                    
0000041f  systick_init                   
0000042f  systick_wait1ms                
00000447  systick_wait1s                 
000003b1  timer_A3_capture_Init          
0000021b  turn_off_led                   
000001fd  turn_on_led                    
00003a01  unlink                         
00003b89  wcslen                         
00003a7d  write                          


GLOBAL SYMBOLS: SORTED BY Symbol Address 

address   name                           
-------   ----                           
00000000  __TI_static_base__             
00000000  interruptVectors               
000000e5  pwm_init34                     
0000014b  motor_init                     
000001d3  led_init                       
000001fd  turn_on_led                    
00000200  __STACK_SIZE                   
0000021b  turn_off_led                   
00000227  sensor_init                    
00000297  move                           
000002c1  left_forward                   
000002cd  left_backward                  
000002d9  right_forward                  
000002e5  right_backward                 
000002f1  TA2_0_IRQHandler               
000002f1  TA2_0_IRQHandler               
00000305  TA3_0_IRQHandler               
00000305  TA3_0_IRQHandler               
00000327  TA3_N_IRQHandler               
00000327  TA3_N_IRQHandler               
00000351  get_left_rpm                   
0000035d  TimerA2_Init                   
000003b1  timer_A3_capture_Init          
00000400  __SYSMEM_SIZE                  
0000041f  systick_init                   
0000042f  systick_wait1ms                
00000447  systick_wait1s                 
0000046f  switch_init                    
00000585  main                           
00000cc5  __TI_printfi                   
00001713  _nop                           
00001715  SystemCoreClockUpdate          
0000198d  SystemInit                     
00001cb9  Clock_Init48MHz                
00001dcf  Clock_GetFreq                  
00001dd5  delay                          
00001de3  Clock_Delay1us                 
00001e0d  Clock_Delay1ms                 
00002069  __aeabi_dsub                   
00002073  __aeabi_dadd                   
0000221f  __aeabi_idiv0                  
0000221f  __aeabi_ldiv0                  
0000235d  __aeabi_ddiv                   
000025b9  fputs                          
000026cd  ldexp                          
000026cd  ldexpl                         
000026cd  scalbn                         
000026cd  scalbnl                        
000027dd  aligned_alloc                  
000027dd  memalign                       
000028dd  __aeabi_dmul                   
000029d9  free                           
00002abd  setvbuf                        
00002c4b  __aeabi_memcpy                 
00002c4b  __aeabi_memcpy4                
00002c4b  __aeabi_memcpy8                
00002c4b  memcpy                         
00002ce7  __aeabi_uldivmod               
00002d7d  fputc                          
00002d7d  putc                           
00002e09  __aeabi_cdcmpeq                
00002e09  __aeabi_cdcmple                
00002e8f  __aeabi_cdrcmple               
00002f15  __aeabi_memclr                 
00002f15  __aeabi_memclr4                
00002f15  __aeabi_memclr8                
00002f17  __aeabi_memset                 
00002f17  __aeabi_memset4                
00002f17  __aeabi_memset8                
00002f1d  memset                         
00002f91  __TI_closefile                 
000030e5  HOSTrename                     
00003151  HOSTlseek                      
000031b9  __TI_decompress_lzss           
00003221  printf                         
00003289  frexp                          
00003289  frexpl                         
000032ed  fseek                          
00003351  __TI_wrt_ok                    
000033b5  HOSTopen                       
00003415  close                          
00003471  HOSTread                       
000034c9  HOSTwrite                      
00003577  __TI_ltoa                      
0000361d  __TI_doflush                   
00003669  atoi                           
000036b5  exit                           
000036fd  __aeabi_d2iz                   
00003745  HOSTclose                      
00003789  HOSTunlink                     
000037cd  __TI_auto_init_nobinit_nopinit 
00003811  getdevice                      
00003895  __TI_writemsg                  
000038c3  C$$IO$$                        
000038cd  strncpy                        
00003905  __TI_cleanup                   
00003939  __TI_readmsg                   
0000396d  _c_int00_noargs                
000039a1  finddevice                     
000039d1  __aeabi_i2d                    
00003a01  remove                         
00003a01  unlink                         
00003a55  lseek                          
00003a7d  write                          
00003aa5  memchr                         
00003ac5  __TI_zero_init_nomemset        
00003afd  memccpy                        
00003b19  copysign                       
00003b19  copysignl                      
00003b33  strcmp                         
00003b4b  strchr                         
00003b61  strcpy                         
00003b75  strlen                         
00003b89  wcslen                         
00003b9b  __TI_decompress_none           
00003ba9  Reset_Handler                  
00003bb5  ADC14_IRQHandler               
00003bb5  AES256_IRQHandler              
00003bb5  BusFault_Handler               
00003bb5  COMP_E0_IRQHandler             
00003bb5  COMP_E1_IRQHandler             
00003bb5  CS_IRQHandler                  
00003bb5  DMA_ERR_IRQHandler             
00003bb5  DMA_INT0_IRQHandler            
00003bb5  DMA_INT1_IRQHandler            
00003bb5  DMA_INT2_IRQHandler            
00003bb5  DMA_INT3_IRQHandler            
00003bb5  DebugMon_Handler               
00003bb5  Default_Handler                
00003bb5  EUSCIA0_IRQHandler             
00003bb5  EUSCIA1_IRQHandler             
00003bb5  EUSCIA2_IRQHandler             
00003bb5  EUSCIA3_IRQHandler             
00003bb5  EUSCIB0_IRQHandler             
00003bb5  EUSCIB1_IRQHandler             
00003bb5  EUSCIB2_IRQHandler             
00003bb5  EUSCIB3_IRQHandler             
00003bb5  FLCTL_IRQHandler               
00003bb5  FPU_IRQHandler                 
00003bb5  HardFault_Handler              
00003bb5  MemManage_Handler              
00003bb5  NMI_Handler                    
00003bb5  PCM_IRQHandler                 
00003bb5  PORT1_IRQHandler               
00003bb5  PORT2_IRQHandler               
00003bb5  PORT3_IRQHandler               
00003bb5  PORT4_IRQHandler               
00003bb5  PORT5_IRQHandler               
00003bb5  PORT6_IRQHandler               
00003bb5  PSS_IRQHandler                 
00003bb5  PendSV_Handler                 
00003bb5  RTC_C_IRQHandler               
00003bb5  SVC_Handler                    
00003bb5  SysTick_Handler                
00003bb5  T32_INT1_IRQHandler            
00003bb5  T32_INT2_IRQHandler            
00003bb5  T32_INTC_IRQHandler            
00003bb5  TA0_0_IRQHandler               
00003bb5  TA0_N_IRQHandler               
00003bb5  TA1_0_IRQHandler               
00003bb5  TA1_N_IRQHandler               
00003bb5  TA2_N_IRQHandler               
00003bb5  UsageFault_Handler             
00003bb5  WDT_A_IRQHandler               
00003bb9  __aeabi_errno_addr             
00003bc1  malloc                         
00003bd1  _system_pre_init               
00003bd5  C$$EXIT                        
00003bd5  abort                          
00003bd8  _ctypes_                       
00003d50  __TI_Handler_Table_Base        
00003d5c  __TI_Handler_Table_Limit       
00003d68  __TI_CINIT_Base                
00003d78  __TI_CINIT_Limit               
20000000  __start___llvm_prf_cnts        
20000000  __stop___llvm_prf_cnts         
20000000  _sys_memory                    
20000400  _ftable                        
200004f0  _device                        
20000568  _stream                        
200005b8  ClockFrequency                 
200005bc  Prewait                        
200005c0  CPMwait                        
200005c4  Postwait                       
200005c8  IFlags                         
200005cc  Crystalstable                  
200005d0  __TI_ft_end                    
200005d4  __aeabi_stdin                  
200005d8  __aeabi_stdout                 
200005dc  __aeabi_stderr                 
200005e0  __TI_cleanup_ptr               
200005e4  __TI_dtors_ptr                 
200005e8  __TI_enable_exit_profile_output
200005ec  _lock                          
200005f0  _unlock                        
200005fc  errno                          
20000600  SystemCoreClock                
20000604  __CIOBUF_                      
20000724  __TI_tmpnams                   
200007c4  parmbuf                        
200007cc  TimerA2Task                    
200007d0  left_count                     
200007d4  first_left                     
200007d6  first_right                    
200007d8  period_left                    
200007da  period_right                   
2000fe00  __stack                        
20010000  __STACK_END                    
4000480c  WDTCTL_SYM                     
ffffffff  __TI_pprof_out_hndl            
ffffffff  __TI_prof_data_size            
ffffffff  __TI_prof_data_start           
ffffffff  __binit__                      
ffffffff  __c_args__                     
ffffffff  binit                          
UNDEFED   __mpu_init                     
UNDEFED   _system_post_cinit             

[217 symbols]
